// Jest Snapshot v1, https://goo.gl/fbAQLP

exports[`ChatPanelContainer renders chat panel 1`] = `
<div
  className="chat-messages-list-container"
>
  <ul
    className="chat-messages-list"
  />
</div>
`;

exports[`ChatPanelContainer renders error panel 1`] = `
<div
  className="error-panel-container"
>
  <div
    className="error-panel"
  >
    <div
      className="popup-row"
    >
      An error occurred
    </div>
    <div
      className="popup-row"
    >
      An error
    </div>
    <div
      className="popup-row"
    >
      <button
        className="close-button"
        onClick={[Function]}
        type="button"
      >
        Close
      </button>
    </div>
  </div>
</div>
`;
