// Jest Snapshot v1, https://goo.gl/fbAQLP

exports[`UsersPanel renders without crashing 1`] = `
<div
  className="chat-users-list-container"
>
  <ul
    className="users-list"
  >
    <Connect(User)
      key="user 1"
      user="user 1"
    />
    <Connect(User)
      key="user 2"
      user="user 2"
    />
  </ul>
</div>
`;
