// Jest Snapshot v1, https://goo.gl/fbAQLP

exports[`NotConnectedPopup renders without crashing 1`] = `
<div
  className="chat-not-connected-popup-container"
>
  <div
    className="chat-not-connected-popup"
  >
    <div
      className="popup-row"
    >
      Unable to connect to server
    </div>
    <div
      className="popup-row"
    >
      Please try later
    </div>
  </div>
</div>
`;
